apiVersion: kubernetes-client.io/v1
kind: ExternalSecret
metadata:
  name: aws-secretsmanager
  namespace: kes-ns
secretDescriptor:
  backendType: secretsManager
  data:
    - key: demo-service/credentials
      name: password
      property: password
    - key: demo-service/credentials
      name: username
      property: username
