apiVersion: external-secrets.io/v1beta1
kind: ExternalSecret
metadata:
  creationTimestamp: null
  name: aws-secretsmanager
  namespace: kes-ns
spec:
  data:
  - remoteRef:
      key: demo-service/credentials
      property: password
    secretKey: password
  - remoteRef:
      key: demo-service/credentials
      property: username
    secretKey: username
  secretStoreRef:
    kind: SecretStore
    name: secretsmanager-secretstore-kes-ns-aws-secretsmanager
  target:
    name: aws-secretsmanager
    template:
      metadata: {}
status:
  refreshTime: null
