apiVersion: external-secrets.io/v1beta1
kind: SecretStore
metadata:
  creationTimestamp: null
  name: secretsmanager-secretstore-kes-ns-aws-secretsmanager
  namespace: kes-ns
spec:
  controller: ""
  provider:
    aws:
      auth:
        jwt:
          serviceAccountRef:
            name: external-secrets-operator
      region: eu-west-1
      service: SecretsManager
status:
  conditions: null

---
apiVersion: v1
kind: serviceAccount
metadata:
  annotations:
    eks.amazonaws.com/role-arn: arn:aws:iam::123412341234:role/let-other-account-access-secrets
  name: external-secrets-operator
  namespace: kes-ns
